data: {"id":1772222897987,"sourceUrl":"https://decormystry.com/casual-rodeo-outfits-for-women/","title":"Casual Rodeo Outfits for Women","description":"Casual rodeo outfits for women that are both stylish and comfortable! Explore easy-to-wear western wear ideas perfect for the arena, country concerts, or everyday cowgirl chic. Find inspiration for pairing your favorite denim, plaid shirts, cowboy boots, and western accessories to create effortlessly cool looks. Embrace modern rodeo fashion with these versatile and trendy outfit combinations.","imageUrl":"https://images.unsplash.com/photo-1616486338812-3dadae4b4fb2?q=80&w=300&auto=format&fit=crop","boardName":"Casual Rodeo & Western Outfits","publishDate":"2026-02-27T20:08:17.987Z","keywords":"casual rodeo outfits, women's western wear, country concert outfits, cowgirl style, denim fashion, rodeo fashion, western boots, plaid shirts"}

